[gosth.gg/shop.html]
[backblue.gif]
[fade.gif]
[index.html]
[cdn.gosth.ltd/assets/images/halt/logogosht.png]
[use.typekit.net/vgd1cli.css]
[cdn.gosth.ltd/assets/vendor/bootstrap/dist/css/bootstrap.minc420.css]
[cdn.gosth.ltd/assets/vendor/fancybox/dist/jquery.fancybox.min438f.css]
[cdn.gosth.ltd/assets/vendor/slider-revolution/css/settings4ed6.css]
[cdn.gosth.ltd/assets/vendor/slider-revolution/css/layers4ed6.css]
[cdn.gosth.ltd/assets/vendor/slider-revolution/css/navigation4ed6.css]
[cdn.gosth.ltd/assets/css/gosth5438.css]
[cdn.gosth.ltd/assets/css/halt.css]
[cdn.gosth.ltd/assets/vendor/swiper/swiper-bundle.min7316.css]
[cdn.gosth.ltd/assets/js/preloader.min5438.js]
[gosth.gg/index.html]
[gosth.gg/sign-in.html]
[gosth.gg/logout.html]
[gosth.gg/dashboard.html]
[gosth.gg/termos.html]
[cdn.gosth.ltd/assets/images/halt/cheat.png]
[cdn.gosth.ltd/assets/images/dark/black-blackgound.png]
[cdn.gosth.ltd/assets/vendor/@popperjs/core/dist/umd/popper.min590d.js]
[cdn.gosth.ltd/assets/vendor/scrollreveal/dist/scrollreveal.minbc3e.js]
[cdn.gosth.ltd/assets/vendor/animejs/lib/anime.minf77b.js]
[cdn.gosth.ltd/assets/vendor/bootstrap/dist/js/bootstrap.minc420.js]
[cdn.gosth.ltd/assets/vendor/jarallax/dist/jarallax.min5fab.js]
[cdn.gosth.ltd/assets/vendor/swiper/swiper-bundle.min7316.js]
[cdn.gosth.ltd/assets/vendor/fancybox/dist/jquery.fancybox.min438f.js]
[cdn.gosth.ltd/assets/vendor/jquery-countdown/dist/jquery.countdown.mind1f1.js]
[cdn.gosth.ltd/assets/vendor/moment/min/moment.min63eb.js]
[cdn.gosth.ltd/assets/vendor/moment-timezone/builds/moment-timezone-with-data.minc112.js]
[cdn.gosth.ltd/assets/vendor/slider-revolution/js/jquery.themepunch.tools.min4ed6.js]
[cdn.gosth.ltd/assets/vendor/slider-revolution/js/jquery.themepunch.revolution.min4ed6.js]
[cdn.gosth.ltd/assets/vendor/imagesloaded/imagesloaded.pkgd.mine781.js]
[cdn.gosth.ltd/assets/vendor/jquery/dist/jquery.min45e0.js]
[cdn.gosth.ltd/assets/vendor/isotope-layout/dist/isotope.pkgd.minaf3e.js]
[cdn.gosth.ltd/assets/vendor/ion-rangeslider/js/ion.rangeSlider.min7317.js]
[cdn.gosth.ltd/assets/vendor/bootstrap-touchspin/dist/jquery.bootstrap-touchspin.mine0a5.js]
[cdn.gosth.ltd/assets/vendor/bootstrap-validator/dist/validator.minfb28.js]
[cdn.gosth.ltd/assets/js/gosth.min5438.js]
[cdn.gosth.ltd/assets/js/gosth-init5438.js]
[gosth.gg/shop.html]
[gosth.gg/cdn-cgi/challenge-platform/h/b/scripts/jsd/22755d9a86c9/maind41d.js]
[use.typekit.net/af/2555e1/00000000000000007735e603/30/l652f]
[use.typekit.net/af/2555e1/00000000000000007735e603/30/d652f]
[use.typekit.net/af/2555e1/00000000000000007735e603/30/a652f]
[use.typekit.net/af/efe4a5/00000000000000007735e609/30/le196]
[use.typekit.net/af/efe4a5/00000000000000007735e609/30/de196]
[use.typekit.net/af/efe4a5/00000000000000007735e609/30/ae196]
[use.typekit.net/af/3322cc/00000000000000007735e616/30/lfdcc]
[use.typekit.net/af/3322cc/00000000000000007735e616/30/dfdcc]
[use.typekit.net/af/3322cc/00000000000000007735e616/30/afdcc]
[use.typekit.net/af/23e139/00000000000000007735e605/30/le003]
[use.typekit.net/af/23e139/00000000000000007735e605/30/de003]
[use.typekit.net/af/23e139/00000000000000007735e605/30/ae003]
[use.typekit.net/af/2cd6bf/00000000000000000001008f/27/le003]
[use.typekit.net/af/2cd6bf/00000000000000000001008f/27/de003]
[use.typekit.net/af/2cd6bf/00000000000000000001008f/27/ae003]
[use.typekit.net/af/309dfe/000000000000000000010091/27/l652f]
[use.typekit.net/af/309dfe/000000000000000000010091/27/d652f]
[use.typekit.net/af/309dfe/000000000000000000010091/27/a652f]
[use.typekit.net/af/9b05f3/000000000000000000013365/27/le196]
[use.typekit.net/af/9b05f3/000000000000000000013365/27/de196]
[use.typekit.net/af/9b05f3/000000000000000000013365/27/ae196]
[use.typekit.net/af/c4c302/000000000000000000012192/27/l5bba]
[use.typekit.net/af/c4c302/000000000000000000012192/27/d5bba]
[use.typekit.net/vgd1cli.css]
[use.typekit.net/af/c4c302/000000000000000000012192/27/a5bba]
[cdn.gosth.ltd/assets/vendor/bootstrap/dist/css/bootstrap.minc420.css]
[cdn.gosth.ltd/assets/vendor/swiper/swiper-bundle.min7316.css]
[cdn.gosth.ltd/assets/vendor/fancybox/dist/jquery.fancybox.min438f.css]
[cdn.gosth.ltd/assets/vendor/slider-revolution/css/openhand.cur]
[cdn.gosth.ltd/assets/vendor/slider-revolution/css/closedhand.cur]
[cdn.gosth.ltd/assets/vendor/slider-revolution/assets/gridtile.png]
[cdn.gosth.ltd/assets/vendor/slider-revolution/assets/gridtile_white.png]
[cdn.gosth.ltd/assets/vendor/slider-revolution/assets/gridtile_3x3.png]
[cdn.gosth.ltd/assets/vendor/slider-revolution/assets/gridtile_3x3_white.png]
[cdn.gosth.ltd/assets/vendor/slider-revolution/assets/coloredbg.png]
[cdn.gosth.ltd/assets/vendor/slider-revolution/assets/loader.gif]
[cdn.gosth.ltd/assets/vendor/slider-revolution/css/settings4ed6.css]
[cdn.gosth.ltd/assets/vendor/slider-revolution/css/layers4ed6.css]
[cdn.gosth.ltd/assets/vendor/slider-revolution/css/navigation4ed6.css]
[cdn.gosth.ltd/assets/css/gosth5438.css]
[cdn.gosth.ltd/assets/css/halt.css]
[cdn.gosth.ltd/assets/css/custom5438.css]
[cdn.gosth.ltd/assets/images/halt/QJvbmwL.jpg]
[gosth.gg/shop-product.html]
[cdn.gosth.ltd/assets/images/dark/product-260x200.jpg]
[cdn.gosth.ltd/assets/images/dark/product-2-260x200.jpg]
[gosth.gg/cart.html]
[gosth.gg/index.html]
[gosth.gg/sign-in.html]
[gosth.gg/logout.html]
[gosth.gg/dashboard.html]
[gosth.gg/termos.html]
[p.typekit.net/p7e0a.css]
[gosth.gg/checkout.html]
[gosth.gg/shop-product.html]
[gosth.gg/cart.html]
[gosth.gg/checkout.html]
